// Jest Snapshot v1, https://goo.gl/fbAQLP

exports[`test if country info renders correctly country info snapshot 1`] = `
<div>
  <div>
    loading...
  </div>
</div>
`;
